<?xml version="1.0" encoding="UTF-8"?>
<testsuites>
  <testsuite id="0" name="/mnt/c/Users/nmishr/OneDrive - Microsoft/repos/DevOps-Extension/azure-devops-extension-sample/src/Tests/WorkItemFormGroup/WorkItemFormGroup.test.tsx" errors="0" package="/mnt/c/Users/nmishr/OneDrive - Microsoft/repos/DevOps-Extension/azure-devops-extension-sample/src/Tests/WorkItemFormGroup/WorkItemFormGroup.test.tsx" hostname="localhost" tests="8" failures="0" time="135.979" timestamp="2024-03-25T17:50:08">
    <properties>
    </properties>
    <testcase classname="WorkItemFormGroup" name="WorkItemFormGroupComponent - rendering" time="0">
    </testcase>
    <testcase classname="WorkItemFormGroup" name="WorkItemFormGroupComponent - click button" time="0">
    </testcase>
    <testcase classname="WorkItemFormGroup" name="WorkItemFormGroupComponent - onFieldChanged" time="0">
    </testcase>
    <testcase classname="WorkItemFormGroup" name="WorkItemFormGroupComponent - onLoaded" time="0">
    </testcase>
    <testcase classname="WorkItemFormGroup" name="WorkItemFormGroupComponent - onUnloaded" time="0">
    </testcase>
    <testcase classname="WorkItemFormGroup" name="WorkItemFormGroupComponent - onSaved" time="0">
    </testcase>
    <testcase classname="WorkItemFormGroup" name="WorkItemFormGroupComponent - onReset" time="0">
    </testcase>
    <testcase classname="WorkItemFormGroup" name="WorkItemFormGroupComponent - onRefreshed" time="0">
    </testcase>
    <system-out/>
    <system-err/>
  </testsuite>
</testsuites>